# @generated by generate_proto_mypy_stubs.py.  Do not edit!
from google.protobuf.message import (
    Message as google___protobuf___message___Message,
)

from test.proto.test3_pb2 import (
    OuterEnum as test___proto___test3_pb2___OuterEnum,
)

from typing import (
    Optional as typing___Optional,
)


class Inner(google___protobuf___message___Message):
    a = ... # type: test___proto___test3_pb2___OuterEnum

    def __init__(self,
        a : typing___Optional[test___proto___test3_pb2___OuterEnum] = None,
        ) -> None: ...
    @classmethod
    def FromString(cls, s: bytes) -> Inner: ...
    def MergeFrom(self, other_msg: google___protobuf___message___Message) -> None: ...
    def CopyFrom(self, other_msg: google___protobuf___message___Message) -> None: ...
