# @generated by generate_proto_mypy_stubs.py.  Do not edit!
from google.protobuf.internal.containers import (
    RepeatedCompositeFieldContainer as google___protobuf___internal___containers___RepeatedCompositeFieldContainer,
)

from google.protobuf.message import (
    Message as google___protobuf___message___Message,
)

from typing import (
    Iterable as typing___Iterable,
    Optional as typing___Optional,
)


class NoPackage(google___protobuf___message___Message):

    def __init__(self,
        ) -> None: ...
    @classmethod
    def FromString(cls, s: bytes) -> NoPackage: ...
    def MergeFrom(self, other_msg: google___protobuf___message___Message) -> None: ...
    def CopyFrom(self, other_msg: google___protobuf___message___Message) -> None: ...

class NoPackage2(google___protobuf___message___Message):

    @property
    def np(self) -> NoPackage: ...

    @property
    def np_rep(self) -> google___protobuf___internal___containers___RepeatedCompositeFieldContainer[NoPackage]: ...

    def __init__(self,
        np : typing___Optional[NoPackage] = None,
        np_rep : typing___Optional[typing___Iterable[NoPackage]] = None,
        ) -> None: ...
    @classmethod
    def FromString(cls, s: bytes) -> NoPackage2: ...
    def MergeFrom(self, other_msg: google___protobuf___message___Message) -> None: ...
    def CopyFrom(self, other_msg: google___protobuf___message___Message) -> None: ...
