# @generated by generate_proto_mypy_stubs.py.  Do not edit!
from google.protobuf.descriptor import (
    EnumDescriptor as google___protobuf___descriptor___EnumDescriptor,
)

from google.protobuf.message import (
    Message as google___protobuf___message___Message,
)

from typing import (
    List as typing___List,
    Tuple as typing___Tuple,
    cast as typing___cast,
)


class OuterEnum(int):
    DESCRIPTOR: google___protobuf___descriptor___EnumDescriptor = ...
    @classmethod
    def Name(cls, number: int) -> str: ...
    @classmethod
    def Value(cls, name: str) -> OuterEnum: ...
    @classmethod
    def keys(cls) -> typing___List[str]: ...
    @classmethod
    def values(cls) -> typing___List[OuterEnum]: ...
    @classmethod
    def items(cls) -> typing___List[typing___Tuple[str, OuterEnum]]: ...
UNKNOWN = typing___cast(OuterEnum, 0)
FOO3 = typing___cast(OuterEnum, 1)
BAR3 = typing___cast(OuterEnum, 2)
