# @generated by generate_proto_mypy_stubs.py.  Do not edit!
from google.protobuf.descriptor import (
    FieldDescriptor as google___protobuf___descriptor___FieldDescriptor,
)

from google.protobuf.message import (
    Message as google___protobuf___message___Message,
)


test_field_extension = ... # type: google___protobuf___descriptor___FieldDescriptor

test_message_option = ... # type: google___protobuf___descriptor___FieldDescriptor
