# @generated by generate_proto_mypy_stubs.py.  Do not edit!
from google.protobuf.message import (
    Message as google___protobuf___message___Message,
)

from typing import (
    Text as typing___Text,
)


class Simple3(google___protobuf___message___Message):
    a_string = ... # type: typing___Text

    def __init__(self,
        a_string : typing___Text,
        ) -> None: ...
    @classmethod
    def FromString(cls, s: bytes) -> Simple3: ...
    def MergeFrom(self, other_msg: google___protobuf___message___Message) -> None: ...
    def CopyFrom(self, other_msg: google___protobuf___message___Message) -> None: ...
